iwmap 4
"script_startingnumber" 0
"000_Global" flags  active
"The Map" flags expanded 
// entity 0
{
guid "{6C9F2902-DCBD-11F0-9F2B-D796B69C7828}"
"classname" "worldspawn"
"lutmaterial" "luts_t7_default"
"fsi" "default"
"gravity" "800"
"lightingquality" "1024"
"lodbias" "default"
"numOmniShadowSlices" "24"
"numSpotShadowSlices" "64"
"samplescale" "1"
"shadowslices" "96"
"sky_intensity_factor0" "1"
"sky_intensity_factor1" "1"
"skyboxmodel" "skybox_default_day"
"ssi" "default_day"
"state_alias_1" "State 1"
"state_alias_2" "State 2"
"state_alias_3" "State 3"
"state_alias_4" "State 4"
"umbraSmallestHole" "16"
"umbraSmallestOccluder" "96"
"umbraTileSize" "2"
"umbra_prime_depth" "1"
"vbloom" "none"
"vcolor" "none"
"wsi" "default_day"
}
// entity 1
{
guid "{7FE4F11A-CC06-11F0-9F13-848B19EF8266}"
"classname" "misc_prefab"
"model" "_prefabs/_OwensAssets/bo7/tedd_tasks/challenge_machine.map"
"script_int" "4"
"targetname" "challenge_machine_spawn_4"
}
// entity 2
{
guid "{3D45DFD3-CE02-11F0-9F15-E854C3827A1D}"
"classname" "trigger_multiple"
"script_int" "4"
"targetname" "tedd_challenge_zone_triggers"
"_color" "1 0.3 0.1"
// brush 0
{
 guid "{3D45DFD2-CE02-11F0-9F15-E854C3827A1D}"
 ( 128 -88 0 ) ( 96 -88 0 ) ( 96 -120 0 ) trigger 64 64 -360 -432 0 0 lightmap_gray 16384 16384 -360 -432 0 0
 ( 96 -120 128 ) ( 96 -88 128 ) ( 128 -88 128 ) trigger 64 64 -360 -432 0 0 lightmap_gray 16384 16384 -360 -432 0 0
 ( 96 -160 16 ) ( 128 -160 16 ) ( 128 -160 0 ) trigger 64 64 -360 0 0 0 lightmap_gray 16384 16384 -360 0 0 0
 ( 32 -120 16 ) ( 32 -88 16 ) ( 32 -88 0 ) trigger 64 64 432 0 0 0 lightmap_gray 16384 16384 432 0 0 0
 ( 152 160 16 ) ( 120 160 16 ) ( 120 160 0 ) trigger 64 64 -336 0 0 0 lightmap_gray 16384 16384 -336 0 0 0
 ( -112 -96 16 ) ( -112 -128 16 ) ( -112 -128 0 ) trigger 64 64 424 0 0 0 lightmap_gray 16384 16384 424 0 0 0
}
}
// entity 3
{
guid "{3979B260-DCBC-11F0-9F2B-D796B69C7828}"
"classname" "script_model"
"angles" "0 180 0"
"model" "tag_origin"
"origin" "-112 67 0"
"script_int" "4"
"targetname" "zone_barrier_fx"
"_color" "1 0 0"
"client_server" "ServerSide"
"lightingstate1" "1"
"lightingstate2" "1"
"lightingstate3" "1"
"lightingstate4" "1"
"modelscale" "1"
"shadow_casting" "1"
}
// entity 4
{
guid "{3B0E53B5-DCBD-11F0-9F2B-D796B69C7828}"
"classname" "script_model"
"angles" "0 180 0"
"model" "tag_origin"
"origin" "-112 -73 0"
"script_int" "4"
"targetname" "zone_barrier_fx"
"_color" "1 0 0"
"client_server" "ServerSide"
"lightingstate1" "1"
"lightingstate2" "1"
"lightingstate3" "1"
"lightingstate4" "1"
"modelscale" "1"
"shadow_casting" "1"
}
// entity 5
{
guid "{524D7558-DCBD-11F0-9F2B-D796B69C7828}"
"classname" "script_model"
"angles" "0 270 0"
"model" "tag_origin"
"origin" "-24 -160 0"
"script_int" "4"
"targetname" "zone_barrier_fx"
"_color" "1 0 0"
"client_server" "ServerSide"
"lightingstate1" "1"
"lightingstate2" "1"
"lightingstate3" "1"
"lightingstate4" "1"
"modelscale" "1"
"shadow_casting" "1"
}
// entity 6
{
guid "{5B951251-DCBD-11F0-9F2B-D796B69C7828}"
"classname" "script_model"
"angles" "0 90 0"
"model" "tag_origin"
"origin" "-24 160 0"
"script_int" "4"
"targetname" "zone_barrier_fx"
"_color" "1 0 0"
"client_server" "ServerSide"
"lightingstate1" "1"
"lightingstate2" "1"
"lightingstate3" "1"
"lightingstate4" "1"
"modelscale" "1"
"shadow_casting" "1"
}
