iwmap 4
"script_startingnumber" 0
"000_Global" flags  active
"The Map" flags expanded 
// entity 0
{
guid "{9D68C7D0-DCBD-11F0-9F2B-D796B69C7828}"
"classname" "worldspawn"
"lutmaterial" "luts_t7_default"
"fsi" "default"
"gravity" "800"
"lightingquality" "1024"
"lodbias" "default"
"numOmniShadowSlices" "24"
"numSpotShadowSlices" "64"
"samplescale" "1"
"shadowslices" "96"
"sky_intensity_factor0" "1"
"sky_intensity_factor1" "1"
"skyboxmodel" "skybox_default_day"
"ssi" "default_day"
"state_alias_1" "State 1"
"state_alias_2" "State 2"
"state_alias_3" "State 3"
"state_alias_4" "State 4"
"umbraSmallestHole" "16"
"umbraSmallestOccluder" "96"
"umbraTileSize" "2"
"umbra_prime_depth" "1"
"vbloom" "none"
"vcolor" "none"
"wsi" "default_day"
}
// entity 1
{
guid "{86FE84FF-CC8C-11F0-9F14-90DA5F64F566}"
"classname" "misc_prefab"
"angles" "0 270 0"
"model" "_prefabs/_OwensAssets/bo7/tedd_tasks/challenge_machine.map"
"script_int" "3"
"targetname" "challenge_machine_spawn_3"
}
// entity 2
{
guid "{179E3C87-CE02-11F0-9F15-E854C3827A1D}"
"classname" "trigger_multiple"
"script_int" "3"
"targetname" "tedd_challenge_zone_triggers"
"_color" "1 0.3 0.1"
// brush 0
{
 guid "{179E3C86-CE02-11F0-9F15-E854C3827A1D}"
 ( 88 -88 0 ) ( 56 -88 0 ) ( 56 -120 0 ) trigger 64 64 -400 -432 0 0 lightmap_gray 16384 16384 -400 -432 0 0
 ( 56 -120 128 ) ( 56 -88 128 ) ( 88 -88 128 ) trigger 64 64 -400 -432 0 0 lightmap_gray 16384 16384 -400 -432 0 0
 ( 54 -32 16 ) ( 86 -32 16 ) ( 86 -32 0 ) trigger 64 64 -402 0 0 0 lightmap_gray 16384 16384 -402 0 0 0
 ( 88 -120 16 ) ( 88 -88 16 ) ( 88 -88 0 ) trigger 64 64 432 0 0 0 lightmap_gray 16384 16384 432 0 0 0
 ( 104 120 16 ) ( 72 120 16 ) ( 72 120 0 ) trigger 64 64 -384 0 0 0 lightmap_gray 16384 16384 -384 0 0 0
 ( -88 -96 16 ) ( -88 -128 16 ) ( -88 -128 0 ) trigger 64 64 424 0 0 0 lightmap_gray 16384 16384 424 0 0 0
}
}
// entity 3
{
guid "{82DF3A22-DCBD-11F0-9F2B-D796B69C7828}"
"classname" "script_model"
"angles" "0 90 0"
"model" "tag_origin"
"origin" "0 120 0"
"script_int" "3"
"targetname" "zone_barrier_fx"
"_color" "1 0 0"
"client_server" "ServerSide"
"lightingstate1" "1"
"lightingstate2" "1"
"lightingstate3" "1"
"lightingstate4" "1"
"modelscale" "1"
"shadow_casting" "1"
}
// entity 4
{
guid "{8977C459-DCBD-11F0-9F2B-D796B69C7828}"
"classname" "script_model"
"angles" "0 180 0"
"model" "tag_origin"
"origin" "-88 30 0"
"script_int" "3"
"targetname" "zone_barrier_fx"
"_color" "1 0 0"
"client_server" "ServerSide"
"lightingstate1" "1"
"lightingstate2" "1"
"lightingstate3" "1"
"lightingstate4" "1"
"modelscale" "1"
"shadow_casting" "1"
}
